
> azuraresort@0.1.0 build
> next build

node.exe : ΓÜá Warning: 
Next.js inferred your 
workspace root, but it 
may not be correct.
At line:1 char:1
+ & "C:\Program 
Files\nodejs/node.exe" "C:
\Users\ADMIN\AppData\Roami
ng\ ...
+ ~~~~~~~~~~~~~~~~~~~~~~~~
~~~~~~~~~~~~~~~~~~~~~~~~~~
~~~~~~~~~~~~~~~~~~~
    + CategoryInfo        
      : NotSpecified: (Γ  
  Üá Warning: Ne...not    
 be correct.:String) [    
], RemoteException
    + FullyQualifiedError 
   Id : NativeCommandErr  
  or
 
 We detected multiple 
lockfiles and selected 
the directory of C:\Users\
ADMIN\package-lock.json 
as the root directory.
 To silence this warning, 
set `turbopack.root` in 
your Next.js config, or 
consider removing one of 
the lockfiles if it's not 
needed.
   See https://nextjs.org/
docs/app/api-reference/con
fig/next-config-js/turbopa
ck#root-directory for 
more information.
 Detected additional 
lockfiles: 
   * C:\Users\ADMIN\OneDri
ve\Desktop\Azura\azurareso
rt\package-lock.json

Γû▓ Next.js 16.1.6 (Turbopack)

  Creating an optimized production build ...
Γ£ô Compiled successfully in 5.5s
  Running TypeScript ...
  Collecting page data using 11 workers ...
  Generating static pages using 11 workers (0/9) ...
  Generating static pages using 11 workers (2/9) 
  Generating static pages using 11 workers (4/9) 
  Generating static pages using 11 workers (6/9) 
Γ£ô Generating static pages using 11 workers (9/9) in 917.3ms
  Finalizing page optimization ...

Route (app)
Γöî Γùï /
Γö£ Γùï /_not-found
Γö£ Γùï /about
Γö£ Γùï /contact
Γö£ Γùï /experiences
Γö£ Γùï /gallery
Γöö Γùï /places-to-visit


Γùï  (Static)  prerendered as static content

