
> azuraresort@0.1.0 build
> next build

node.exe : ΓÜá Warning: 
Next.js inferred your 
workspace root, but it 
may not be correct.
At line:1 char:1
+ & "C:\Program 
Files\nodejs/node.exe" "C:
\Users\ADMIN\AppData\Roami
ng\ ...
+ ~~~~~~~~~~~~~~~~~~~~~~~~
~~~~~~~~~~~~~~~~~~~~~~~~~~
~~~~~~~~~~~~~~~~~~~
    + CategoryInfo        
      : NotSpecified: (Γ  
  Üá Warning: Ne...not    
 be correct.:String) [    
], RemoteException
    + FullyQualifiedError 
   Id : NativeCommandErr  
  or
 
 We detected multiple 
lockfiles and selected 
the directory of C:\Users\
ADMIN\package-lock.json 
as the root directory.
 To silence this warning, 
set `turbopack.root` in 
your Next.js config, or 
consider removing one of 
the lockfiles if it's not 
needed.
   See https://nextjs.org/
docs/app/api-reference/con
fig/next-config-js/turbopa
ck#root-directory for 
more information.
 Detected additional 
lockfiles: 
   * C:\Users\ADMIN\OneDri
ve\Desktop\Azura\azurareso
rt\package-lock.json

Γû▓ Next.js 16.1.6 (Turbopack)

  Creating an optimized production build ...
Turbopack build 
encountered 6 warnings:
[next]/internal/font/googl
e/bricolage_grotesque_a9d7
1e39.module.css
Error while requesting 
resource
There was an issue 
establishing a connection 
while requesting https://f
onts.googleapis.com/css2?f
amily=Bricolage+Grotesque:
wght@200..800&display=swap

Import trace:
  Server Component:
    [next]/internal/font/g
oogle/bricolage_grotesque_
a9d71e39.module.css
    [next]/internal/font/g
oogle/bricolage_grotesque_
a9d71e39.js
    ./OneDrive/Desktop/Azu
ra/azuraresort/app/layout.
tsx


[next]/internal/font/googl
e/cinzel_2e844623.module.c
ss
Error while requesting 
resource
There was an issue 
establishing a connection 
while requesting https://f
onts.googleapis.com/css2?f
amily=Cinzel:wght@400..900
&display=swap

Import trace:
  Server Component:
    [next]/internal/font/g
oogle/cinzel_2e844623.modu
le.css
    [next]/internal/font/g
oogle/cinzel_2e844623.js
    ./OneDrive/Desktop/Azu
ra/azuraresort/app/layout.
tsx


[next]/internal/font/googl
e/dancing_script_4cbd6fd8.
module.css
Error while requesting 
resource
There was an issue 
establishing a connection 
while requesting https://f
onts.googleapis.com/css2?f
amily=Dancing+Script:wght@
400..700&display=swap

Import trace:
  Server Component:
    [next]/internal/font/g
oogle/dancing_script_4cbd6
fd8.module.css
    [next]/internal/font/g
oogle/dancing_script_4cbd6
fd8.js
    ./OneDrive/Desktop/Azu
ra/azuraresort/app/layout.
tsx


[next]/internal/font/googl
e/inter_5901b7c6.module.cs
s
Error while requesting 
resource
There was an issue 
establishing a connection 
while requesting https://f
onts.googleapis.com/css2?f
amily=Inter:wght@100..900&
display=swap

Import trace:
  Server Component:
    [next]/internal/font/g
oogle/inter_5901b7c6.modul
e.css
    [next]/internal/font/g
oogle/inter_5901b7c6.js
    ./OneDrive/Desktop/Azu
ra/azuraresort/app/layout.
tsx


[next]/internal/font/googl
e/montserrat_bba129a6.modu
le.css
Error while requesting 
resource
There was an issue 
establishing a connection 
while requesting https://f
onts.googleapis.com/css2?f
amily=Montserrat:wght@100.
.900&display=swap

Import trace:
  Server Component:
    [next]/internal/font/g
oogle/montserrat_bba129a6.
module.css
    [next]/internal/font/g
oogle/montserrat_bba129a6.
js
    ./OneDrive/Desktop/Azu
ra/azuraresort/app/layout.
tsx


[next]/internal/font/googl
e/playfair_display_ed1802c
3.module.css
Error while requesting 
resource
There was an issue 
establishing a connection 
while requesting https://f
onts.googleapis.com/css2?f
amily=Playfair+Display:wgh
t@400..900&display=swap

Import trace:
  Server Component:
    [next]/internal/font/g
oogle/playfair_display_ed1
802c3.module.css
    [next]/internal/font/g
oogle/playfair_display_ed1
802c3.js
    ./OneDrive/Desktop/Azu
ra/azuraresort/app/layout.
tsx



> Build error occurred
Error: Turbopack build 
failed with 9 errors:
./OneDrive/Desktop/Azura/a
zuraresort/app/page.tsx:5:
20
Ecmascript file had an 
error
[0m [90m 3 |[39m 
[36mimport[39m 
[33mLink[39m 
[36mfrom[39m [32m"next/
link"[39m[33m;[39m
 [90m 4 |[39m 
[36mimport[39m { [33mUt
ensils[39m[33m,[39m [3
3mTreePine[39m[33m,[39m
 [33mWaves[39m[33m,[39
m [33mFlame[39m[33m,[3
9m [33mMapPin[39m[33m,
[39m [33mMusic[39m } 
[36mfrom[39m [32m"lucid
e-react"[39m[33m;[39m
[31m[1m>[22m[39m[90m 
5 |[39m [36mimport[39m 
{ useState[33m,[39m 
useEffect[33m,[39m 
useRef } [36mfrom[39m [
32m"react"[39m[33m;[39m
 [90m   |[39m           
         [31m[1m^[22m[
39m[31m[1m^[22m[39m[3
1m[1m^[22m[39m[31m[1m
^[22m[39m[31m[1m^[22m
[39m[31m[1m^[22m[39m
[31m[1m^[22m[39m[31m[
1m^[22m[39m[31m[1m^[2
2m[39m
 [90m 6 |[39m 
[36mimport[39m 
[33mHeroOverlay[39m 
[36mfrom[39m [32m"@/com
ponents/HeroOverlay"[39m
[33m;[39m
 [90m 7 |[39m 
[36mimport[39m 
[33mLiquidEffect[39m 
[36mfrom[39m [32m"@/com
ponents/LiquidEffect"[39m
[33m;[39m
 [90m 8 |[39m 
[36mimport[39m 
[33mScrollSection[39m 
[36mfrom[39m [32m"@/com
ponents/ScrollSection"[39
m[33m;[39m[0m

You're importing a 
component that needs 
`useEffect`. This React 
Hook only works in a 
Client Component. To fix, 
mark the file (or its 
parent) with the `"use 
client"` directive.

 Learn more: https://nextj
s.org/docs/app/api-referen
ce/directives/use-client




./OneDrive/Desktop/Azura/a
zuraresort/app/page.tsx:5:
31
Ecmascript file had an 
error
[0m [90m 3 |[39m 
[36mimport[39m 
[33mLink[39m 
[36mfrom[39m [32m"next/
link"[39m[33m;[39m
 [90m 4 |[39m 
[36mimport[39m { [33mUt
ensils[39m[33m,[39m [3
3mTreePine[39m[33m,[39m
 [33mWaves[39m[33m,[39
m [33mFlame[39m[33m,[3
9m [33mMapPin[39m[33m,
[39m [33mMusic[39m } 
[36mfrom[39m [32m"lucid
e-react"[39m[33m;[39m
[31m[1m>[22m[39m[90m 
5 |[39m [36mimport[39m 
{ useState[33m,[39m 
useEffect[33m,[39m 
useRef } [36mfrom[39m [
32m"react"[39m[33m;[39m
 [90m   |[39m           
                    [31m
[1m^[22m[39m[31m[1m^[
22m[39m[31m[1m^[22m[3
9m[31m[1m^[22m[39m[31
m[1m^[22m[39m[31m[1m^
[22m[39m
 [90m 6 |[39m 
[36mimport[39m 
[33mHeroOverlay[39m 
[36mfrom[39m [32m"@/com
ponents/HeroOverlay"[39m
[33m;[39m
 [90m 7 |[39m 
[36mimport[39m 
[33mLiquidEffect[39m 
[36mfrom[39m [32m"@/com
ponents/LiquidEffect"[39m
[33m;[39m
 [90m 8 |[39m 
[36mimport[39m 
[33mScrollSection[39m 
[36mfrom[39m [32m"@/com
ponents/ScrollSection"[39
m[33m;[39m[0m

You're importing a 
component that needs 
`useRef`. This React Hook 
only works in a Client 
Component. To fix, mark 
the file (or its parent) 
with the `"use client"` 
directive.

 Learn more: https://nextj
s.org/docs/app/api-referen
ce/directives/use-client




./OneDrive/Desktop/Azura/a
zuraresort/app/page.tsx:5:
10
Ecmascript file had an 
error
[0m [90m 3 |[39m 
[36mimport[39m 
[33mLink[39m 
[36mfrom[39m [32m"next/
link"[39m[33m;[39m
 [90m 4 |[39m 
[36mimport[39m { [33mUt
ensils[39m[33m,[39m [3
3mTreePine[39m[33m,[39m
 [33mWaves[39m[33m,[39
m [33mFlame[39m[33m,[3
9m [33mMapPin[39m[33m,
[39m [33mMusic[39m } 
[36mfrom[39m [32m"lucid
e-react"[39m[33m;[39m
[31m[1m>[22m[39m[90m 
5 |[39m [36mimport[39m 
{ useState[33m,[39m 
useEffect[33m,[39m 
useRef } [36mfrom[39m [
32m"react"[39m[33m;[39m
 [90m   |[39m          
[31m[1m^[22m[39m[31m[
1m^[22m[39m[31m[1m^[2
2m[39m[31m[1m^[22m[39
m[31m[1m^[22m[39m[31m
[1m^[22m[39m[31m[1m^
[22m[39m[31m[1m^[22m[
39m
 [90m 6 |[39m 
[36mimport[39m 
[33mHeroOverlay[39m 
[36mfrom[39m [32m"@/com
ponents/HeroOverlay"[39m
[33m;[39m
 [90m 7 |[39m 
[36mimport[39m 
[33mLiquidEffect[39m 
[36mfrom[39m [32m"@/com
ponents/LiquidEffect"[39m
[33m;[39m
 [90m 8 |[39m 
[36mimport[39m 
[33mScrollSection[39m 
[36mfrom[39m [32m"@/com
ponents/ScrollSection"[39
m[33m;[39m[0m

You're importing a 
component that needs 
`useState`. This React 
Hook only works in a 
Client Component. To fix, 
mark the file (or its 
parent) with the `"use 
client"` directive.

 Learn more: https://nextj
s.org/docs/app/api-referen
ce/directives/use-client




[next]/internal/font/googl
e/bricolage_grotesque_a9d7
1e39.module.css
next/font: error:
Failed to fetch 
`Bricolage Grotesque` 
from Google Fonts.

Import trace:
  Server Component:
    [next]/internal/font/g
oogle/bricolage_grotesque_
a9d71e39.module.css
    [next]/internal/font/g
oogle/bricolage_grotesque_
a9d71e39.js
    ./OneDrive/Desktop/Azu
ra/azuraresort/app/layout.
tsx


[next]/internal/font/googl
e/cinzel_2e844623.module.c
ss
next/font: error:
Failed to fetch `Cinzel` 
from Google Fonts.

Import trace:
  Server Component:
    [next]/internal/font/g
oogle/cinzel_2e844623.modu
le.css
    [next]/internal/font/g
oogle/cinzel_2e844623.js
    ./OneDrive/Desktop/Azu
ra/azuraresort/app/layout.
tsx


[next]/internal/font/googl
e/dancing_script_4cbd6fd8.
module.css
next/font: error:
Failed to fetch `Dancing 
Script` from Google Fonts.

Import trace:
  Server Component:
    [next]/internal/font/g
oogle/dancing_script_4cbd6
fd8.module.css
    [next]/internal/font/g
oogle/dancing_script_4cbd6
fd8.js
    ./OneDrive/Desktop/Azu
ra/azuraresort/app/layout.
tsx


[next]/internal/font/googl
e/inter_5901b7c6.module.cs
s
next/font: error:
Failed to fetch `Inter` 
from Google Fonts.

Import trace:
  Server Component:
    [next]/internal/font/g
oogle/inter_5901b7c6.modul
e.css
    [next]/internal/font/g
oogle/inter_5901b7c6.js
    ./OneDrive/Desktop/Azu
ra/azuraresort/app/layout.
tsx


[next]/internal/font/googl
e/montserrat_bba129a6.modu
le.css
next/font: error:
Failed to fetch 
`Montserrat` from Google 
Fonts.

Import trace:
  Server Component:
    [next]/internal/font/g
oogle/montserrat_bba129a6.
module.css
    [next]/internal/font/g
oogle/montserrat_bba129a6.
js
    ./OneDrive/Desktop/Azu
ra/azuraresort/app/layout.
tsx


[next]/internal/font/googl
e/playfair_display_ed1802c
3.module.css
next/font: error:
Failed to fetch `Playfair 
Display` from Google 
Fonts.

Import trace:
  Server Component:
    [next]/internal/font/g
oogle/playfair_display_ed1
802c3.module.css
    [next]/internal/font/g
oogle/playfair_display_ed1
802c3.js
    ./OneDrive/Desktop/Azu
ra/azuraresort/app/layout.
tsx


    at <unknown> (./OneDri
ve/Desktop/Azura/azurareso
rt/app/page.tsx:5:20)
    at <unknown> (./OneDri
ve/Desktop/Azura/azurareso
rt/app/page.tsx:5:31)
    at <unknown> (./OneDri
ve/Desktop/Azura/azurareso
rt/app/page.tsx:5:10)
